src/services/ttsService.ts(30,9): error TS2353: Object literal may only specify known properties, and 'extra_body' does not exist in type 'SpeechCreateParams'.
src/testTTS.ts(16,43): error TS2339: Property 'byteLength' does not exist on type '{ audioData: ArrayBuffer; generateTime: number; }'.
src/testTTS.ts(19,28): error TS2322: Type '{ audioData: ArrayBuffer; generateTime: number; }' is not assignable to type 'BlobPart'.
